Var z of type char [line: 1]
Sibling: 0  Var x of type char [line: 1]
Sibling: 1  Var y of type char [line: 1]
