Var x of type char [line: 1]
Number of warnings: 0
Number of errors: 0
